[0.082s] Invoking command in '/home/hoang/turtlebot3_ws/src/build/turtlebot3_description': CMAKE_PREFIX_PATH=${CMAKE_PREFIX_PATH}:/home/hoang/turtlebot3_ws/install/turtlebot3_teleop:/home/hoang/turtlebot3_ws/install/turtlebot3_example:/home/hoang/bumperbot_ws/install/bumperbot_py_examples:/opt/ros/humble /usr/bin/cmake /home/hoang/turtlebot3_ws/src/turtlebot3/turtlebot3_description -DCMAKE_INSTALL_PREFIX=/home/hoang/turtlebot3_ws/src/install/turtlebot3_description
[0.269s] -- The C compiler identification is GNU 11.4.0
[0.490s] -- The CXX compiler identification is GNU 11.4.0
[0.529s] -- Detecting C compiler ABI info
[0.778s] -- Detecting C compiler ABI info - done
[0.802s] -- Check for working C compiler: /usr/bin/cc - skipped
[0.803s] -- Detecting C compile features
[0.804s] -- Detecting C compile features - done
[0.816s] -- Detecting CXX compiler ABI info
[1.039s] -- Detecting CXX compiler ABI info - done
[1.066s] -- Check for working CXX compiler: /usr/bin/c++ - skipped
[1.068s] -- Detecting CXX compile features
[1.068s] -- Detecting CXX compile features - done
[1.081s] -- Found ament_cmake: 1.3.12 (/opt/ros/humble/share/ament_cmake/cmake)
[1.556s] -- Found Python3: /usr/bin/python3 (found version "3.10.12") found components: Interpreter 
[1.923s] -- Found urdf: 2.6.1 (/opt/ros/humble/share/urdf/cmake)
[2.363s] -- Configuring done
[2.369s] -- Generating done
[2.370s] -- Build files have been written to: /home/hoang/turtlebot3_ws/src/build/turtlebot3_description
[2.461s] Invoked command in '/home/hoang/turtlebot3_ws/src/build/turtlebot3_description' returned '0': CMAKE_PREFIX_PATH=${CMAKE_PREFIX_PATH}:/home/hoang/turtlebot3_ws/install/turtlebot3_teleop:/home/hoang/turtlebot3_ws/install/turtlebot3_example:/home/hoang/bumperbot_ws/install/bumperbot_py_examples:/opt/ros/humble /usr/bin/cmake /home/hoang/turtlebot3_ws/src/turtlebot3/turtlebot3_description -DCMAKE_INSTALL_PREFIX=/home/hoang/turtlebot3_ws/src/install/turtlebot3_description
[2.467s] Invoking command in '/home/hoang/turtlebot3_ws/src/build/turtlebot3_description': CMAKE_PREFIX_PATH=${CMAKE_PREFIX_PATH}:/home/hoang/turtlebot3_ws/install/turtlebot3_teleop:/home/hoang/turtlebot3_ws/install/turtlebot3_example:/home/hoang/bumperbot_ws/install/bumperbot_py_examples:/opt/ros/humble /usr/bin/cmake --build /home/hoang/turtlebot3_ws/src/build/turtlebot3_description -- -j8 -l8
[4.044s] Invoked command in '/home/hoang/turtlebot3_ws/src/build/turtlebot3_description' returned '0': CMAKE_PREFIX_PATH=${CMAKE_PREFIX_PATH}:/home/hoang/turtlebot3_ws/install/turtlebot3_teleop:/home/hoang/turtlebot3_ws/install/turtlebot3_example:/home/hoang/bumperbot_ws/install/bumperbot_py_examples:/opt/ros/humble /usr/bin/cmake --build /home/hoang/turtlebot3_ws/src/build/turtlebot3_description -- -j8 -l8
[4.047s] Invoking command in '/home/hoang/turtlebot3_ws/src/build/turtlebot3_description': CMAKE_PREFIX_PATH=${CMAKE_PREFIX_PATH}:/home/hoang/turtlebot3_ws/install/turtlebot3_teleop:/home/hoang/turtlebot3_ws/install/turtlebot3_example:/home/hoang/bumperbot_ws/install/bumperbot_py_examples:/opt/ros/humble /usr/bin/cmake --install /home/hoang/turtlebot3_ws/src/build/turtlebot3_description
[4.109s] -- Install configuration: ""
[4.109s] -- Installing: /home/hoang/turtlebot3_ws/src/install/turtlebot3_description/share/turtlebot3_description/meshes
[4.110s] -- Installing: /home/hoang/turtlebot3_ws/src/install/turtlebot3_description/share/turtlebot3_description/meshes/wheels
[4.110s] -- Installing: /home/hoang/turtlebot3_ws/src/install/turtlebot3_description/share/turtlebot3_description/meshes/wheels/left_tire.stl
[4.124s] -- Installing: /home/hoang/turtlebot3_ws/src/install/turtlebot3_description/share/turtlebot3_description/meshes/wheels/right_tire.stl
[4.137s] -- Installing: /home/hoang/turtlebot3_ws/src/install/turtlebot3_description/share/turtlebot3_description/meshes/sensors
[4.140s] -- Installing: /home/hoang/turtlebot3_ws/src/install/turtlebot3_description/share/turtlebot3_description/meshes/sensors/astra.dae
[4.206s] -- Installing: /home/hoang/turtlebot3_ws/src/install/turtlebot3_description/share/turtlebot3_description/meshes/sensors/lds.stl
[4.210s] -- Installing: /home/hoang/turtlebot3_ws/src/install/turtlebot3_description/share/turtlebot3_description/meshes/sensors/r200.dae
[4.216s] -- Installing: /home/hoang/turtlebot3_ws/src/install/turtlebot3_description/share/turtlebot3_description/meshes/sensors/astra.jpg
[4.217s] -- Installing: /home/hoang/turtlebot3_ws/src/install/turtlebot3_description/share/turtlebot3_description/meshes/sensors/r200.jpg
[4.217s] -- Installing: /home/hoang/turtlebot3_ws/src/install/turtlebot3_description/share/turtlebot3_description/meshes/bases
[4.217s] -- Installing: /home/hoang/turtlebot3_ws/src/install/turtlebot3_description/share/turtlebot3_description/meshes/bases/waffle_pi_base.stl
[4.274s] -- Installing: /home/hoang/turtlebot3_ws/src/install/turtlebot3_description/share/turtlebot3_description/meshes/bases/waffle_base.stl
[4.385s] -- Installing: /home/hoang/turtlebot3_ws/src/install/turtlebot3_description/share/turtlebot3_description/meshes/bases/burger_base.stl
[4.414s] -- Installing: /home/hoang/turtlebot3_ws/src/install/turtlebot3_description/share/turtlebot3_description/rviz
[4.415s] -- Installing: /home/hoang/turtlebot3_ws/src/install/turtlebot3_description/share/turtlebot3_description/rviz/model.rviz
[4.415s] -- Installing: /home/hoang/turtlebot3_ws/src/install/turtlebot3_description/share/turtlebot3_description/urdf
[4.415s] -- Installing: /home/hoang/turtlebot3_ws/src/install/turtlebot3_description/share/turtlebot3_description/urdf/turtlebot3_waffle.urdf
[4.415s] -- Installing: /home/hoang/turtlebot3_ws/src/install/turtlebot3_description/share/turtlebot3_description/urdf/turtlebot3_waffle_pi.urdf
[4.415s] -- Installing: /home/hoang/turtlebot3_ws/src/install/turtlebot3_description/share/turtlebot3_description/urdf/common_properties.urdf
[4.416s] -- Installing: /home/hoang/turtlebot3_ws/src/install/turtlebot3_description/share/turtlebot3_description/urdf/turtlebot3_burger.urdf
[4.416s] -- Installing: /home/hoang/turtlebot3_ws/src/install/turtlebot3_description/share/ament_index/resource_index/package_run_dependencies/turtlebot3_description
[4.416s] -- Installing: /home/hoang/turtlebot3_ws/src/install/turtlebot3_description/share/ament_index/resource_index/parent_prefix_path/turtlebot3_description
[4.416s] -- Installing: /home/hoang/turtlebot3_ws/src/install/turtlebot3_description/share/turtlebot3_description/environment/ament_prefix_path.sh
[4.416s] -- Installing: /home/hoang/turtlebot3_ws/src/install/turtlebot3_description/share/turtlebot3_description/environment/ament_prefix_path.dsv
[4.416s] -- Installing: /home/hoang/turtlebot3_ws/src/install/turtlebot3_description/share/turtlebot3_description/environment/path.sh
[4.416s] -- Installing: /home/hoang/turtlebot3_ws/src/install/turtlebot3_description/share/turtlebot3_description/environment/path.dsv
[4.416s] -- Installing: /home/hoang/turtlebot3_ws/src/install/turtlebot3_description/share/turtlebot3_description/local_setup.bash
[4.416s] -- Installing: /home/hoang/turtlebot3_ws/src/install/turtlebot3_description/share/turtlebot3_description/local_setup.sh
[4.416s] -- Installing: /home/hoang/turtlebot3_ws/src/install/turtlebot3_description/share/turtlebot3_description/local_setup.zsh
[4.416s] -- Installing: /home/hoang/turtlebot3_ws/src/install/turtlebot3_description/share/turtlebot3_description/local_setup.dsv
[4.417s] -- Installing: /home/hoang/turtlebot3_ws/src/install/turtlebot3_description/share/turtlebot3_description/package.dsv
[4.417s] -- Installing: /home/hoang/turtlebot3_ws/src/install/turtlebot3_description/share/ament_index/resource_index/packages/turtlebot3_description
[4.417s] -- Installing: /home/hoang/turtlebot3_ws/src/install/turtlebot3_description/share/turtlebot3_description/cmake/turtlebot3_descriptionConfig.cmake
[4.417s] -- Installing: /home/hoang/turtlebot3_ws/src/install/turtlebot3_description/share/turtlebot3_description/cmake/turtlebot3_descriptionConfig-version.cmake
[4.417s] -- Installing: /home/hoang/turtlebot3_ws/src/install/turtlebot3_description/share/turtlebot3_description/package.xml
[4.436s] Invoked command in '/home/hoang/turtlebot3_ws/src/build/turtlebot3_description' returned '0': CMAKE_PREFIX_PATH=${CMAKE_PREFIX_PATH}:/home/hoang/turtlebot3_ws/install/turtlebot3_teleop:/home/hoang/turtlebot3_ws/install/turtlebot3_example:/home/hoang/bumperbot_ws/install/bumperbot_py_examples:/opt/ros/humble /usr/bin/cmake --install /home/hoang/turtlebot3_ws/src/build/turtlebot3_description
