[0.091s] Invoking command in '/home/hoang/turtlebot3_ws/src/build/turtlebot3_slam': CMAKE_PREFIX_PATH=${CMAKE_PREFIX_PATH}:/home/hoang/turtlebot3_ws/install/turtlebot3_teleop:/home/hoang/turtlebot3_ws/install/turtlebot3_example:/home/hoang/bumperbot_ws/install/bumperbot_py_examples:/opt/ros/humble /usr/bin/cmake /home/hoang/turtlebot3_ws/src/turtlebot3_slam -DCMAKE_INSTALL_PREFIX=/home/hoang/turtlebot3_ws/src/install/turtlebot3_slam
[0.456s] -- The C compiler identification is GNU 11.4.0
[0.497s] -- The CXX compiler identification is GNU 11.4.0
[0.541s] -- Detecting C compiler ABI info
[0.711s] -- Detecting C compiler ABI info - done
[0.726s] -- Check for working C compiler: /usr/bin/cc - skipped
[0.726s] -- Detecting C compile features
[0.727s] -- Detecting C compile features - done
[0.734s] -- Detecting CXX compiler ABI info
[0.983s] -- Detecting CXX compiler ABI info - done
[1.002s] -- Check for working CXX compiler: /usr/bin/c++ - skipped
[1.003s] -- Detecting CXX compile features
[1.003s] -- Detecting CXX compile features - done
[1.017s] -- Found ament_cmake: 1.3.12 (/opt/ros/humble/share/ament_cmake/cmake)
[1.415s] -- Found Python3: /usr/bin/python3 (found version "3.10.12") found components: Interpreter 
[1.728s] -- Found rclpy: 3.3.17 (/opt/ros/humble/share/rclpy/cmake)
[1.740s] -- Found geometry_msgs: 4.9.0 (/opt/ros/humble/share/geometry_msgs/cmake)
[1.958s] -- Found rosidl_generator_c: 3.1.7 (/opt/ros/humble/share/rosidl_generator_c/cmake)
[2.010s] -- Found rosidl_adapter: 3.1.7 (/opt/ros/humble/share/rosidl_adapter/cmake)
[2.064s] -- Found rosidl_generator_cpp: 3.1.7 (/opt/ros/humble/share/rosidl_generator_cpp/cmake)
[2.125s] -- Using all available rosidl_typesupport_c: rosidl_typesupport_fastrtps_c;rosidl_typesupport_introspection_c
[2.181s] -- Using all available rosidl_typesupport_cpp: rosidl_typesupport_fastrtps_cpp;rosidl_typesupport_introspection_cpp
[2.287s] -- Found sensor_msgs: 4.9.0 (/opt/ros/humble/share/sensor_msgs/cmake)
[2.332s] -- Found nav_msgs: 4.9.0 (/opt/ros/humble/share/nav_msgs/cmake)
[2.375s] -- Found visualization_msgs: 4.9.0 (/opt/ros/humble/share/visualization_msgs/cmake)
[2.441s] -- Found tf2_geometry_msgs: 0.25.16 (/opt/ros/humble/share/tf2_geometry_msgs/cmake)
[2.541s] -- Found eigen3_cmake_module: 0.1.1 (/opt/ros/humble/share/eigen3_cmake_module/cmake)
[2.545s] -- Found Eigen3: TRUE (found version "3.4.0") 
[2.545s] -- Ensuring Eigen3 include directory is part of orocos-kdl CMake target
[3.082s] -- Found rmw_implementation_cmake: 6.1.2 (/opt/ros/humble/share/rmw_implementation_cmake/cmake)
[3.129s] -- Found rmw_fastrtps_cpp: 6.2.8 (/opt/ros/humble/share/rmw_fastrtps_cpp/cmake)
[3.528s] -- Found OpenSSL: /usr/lib/x86_64-linux-gnu/libcrypto.so (found version "3.0.2")  
[3.620s] -- Found FastRTPS: /opt/ros/humble/include  
[3.809s] -- Using RMW implementation 'rmw_fastrtps_cpp' as default
[3.917s] -- Looking for pthread.h
[4.496s] -- Looking for pthread.h - found
[4.496s] -- Performing Test CMAKE_HAVE_LIBC_PTHREAD
[4.968s] -- Performing Test CMAKE_HAVE_LIBC_PTHREAD - Success
[4.975s] -- Found Threads: TRUE  
[5.901s] -- Found ament_lint_auto: 0.12.14 (/opt/ros/humble/share/ament_lint_auto/cmake)
[6.483s] -- Added test 'flake8' to check Python code syntax and style conventions
[6.489s] -- Added test 'lint_cmake' to check CMake code style
[6.490s] -- Added test 'pep257' to check Python code against some of the docstring style conventions in PEP 257
[6.495s] -- Added test 'xmllint' to check XML markup files
[6.503s] -- Configuring done
[6.527s] -- Generating done
[6.536s] -- Build files have been written to: /home/hoang/turtlebot3_ws/src/build/turtlebot3_slam
[6.569s] Invoked command in '/home/hoang/turtlebot3_ws/src/build/turtlebot3_slam' returned '0': CMAKE_PREFIX_PATH=${CMAKE_PREFIX_PATH}:/home/hoang/turtlebot3_ws/install/turtlebot3_teleop:/home/hoang/turtlebot3_ws/install/turtlebot3_example:/home/hoang/bumperbot_ws/install/bumperbot_py_examples:/opt/ros/humble /usr/bin/cmake /home/hoang/turtlebot3_ws/src/turtlebot3_slam -DCMAKE_INSTALL_PREFIX=/home/hoang/turtlebot3_ws/src/install/turtlebot3_slam
[6.579s] Invoking command in '/home/hoang/turtlebot3_ws/src/build/turtlebot3_slam': CMAKE_PREFIX_PATH=${CMAKE_PREFIX_PATH}:/home/hoang/turtlebot3_ws/install/turtlebot3_teleop:/home/hoang/turtlebot3_ws/install/turtlebot3_example:/home/hoang/bumperbot_ws/install/bumperbot_py_examples:/opt/ros/humble /usr/bin/cmake --build /home/hoang/turtlebot3_ws/src/build/turtlebot3_slam -- -j8 -l8
[6.761s] Invoked command in '/home/hoang/turtlebot3_ws/src/build/turtlebot3_slam' returned '0': CMAKE_PREFIX_PATH=${CMAKE_PREFIX_PATH}:/home/hoang/turtlebot3_ws/install/turtlebot3_teleop:/home/hoang/turtlebot3_ws/install/turtlebot3_example:/home/hoang/bumperbot_ws/install/bumperbot_py_examples:/opt/ros/humble /usr/bin/cmake --build /home/hoang/turtlebot3_ws/src/build/turtlebot3_slam -- -j8 -l8
[6.762s] Invoking command in '/home/hoang/turtlebot3_ws/src/build/turtlebot3_slam': CMAKE_PREFIX_PATH=${CMAKE_PREFIX_PATH}:/home/hoang/turtlebot3_ws/install/turtlebot3_teleop:/home/hoang/turtlebot3_ws/install/turtlebot3_example:/home/hoang/bumperbot_ws/install/bumperbot_py_examples:/opt/ros/humble /usr/bin/cmake --install /home/hoang/turtlebot3_ws/src/build/turtlebot3_slam
[6.786s] -- Install configuration: ""
[6.789s] -- Installing: /home/hoang/turtlebot3_ws/src/install/turtlebot3_slam/lib/turtlebot3_slam/fast_slam.py
[6.789s] -- Installing: /home/hoang/turtlebot3_ws/src/install/turtlebot3_slam/lib/turtlebot3_slam/slam.py
[6.789s] -- Installing: /home/hoang/turtlebot3_ws/src/install/turtlebot3_slam/lib/turtlebot3_slam/cloud_alignment.py
[6.789s] -- Installing: /home/hoang/turtlebot3_ws/src/install/turtlebot3_slam/lib/turtlebot3_slam/particle.py
[6.789s] -- Installing: /home/hoang/turtlebot3_ws/src/install/turtlebot3_slam/lib/turtlebot3_slam/sensor_properties.py
[6.789s] -- Installing: /home/hoang/turtlebot3_ws/src/install/turtlebot3_slam/lib/turtlebot3_slam/grid_mapper.py
[6.789s] -- Installing: /home/hoang/turtlebot3_ws/src/install/turtlebot3_slam/lib/turtlebot3_slam/rigid2D.py
[6.792s] -- Installing: /home/hoang/turtlebot3_ws/src/install/turtlebot3_slam/share/turtlebot3_slam/launch
[6.792s] -- Installing: /home/hoang/turtlebot3_ws/src/install/turtlebot3_slam/share/turtlebot3_slam/launch/fast_slam.launch.py
[6.797s] -- Installing: /home/hoang/turtlebot3_ws/src/install/turtlebot3_slam/share/turtlebot3_slam/launch/turtlebot3_fast_slam.launch.py
[6.797s] -- Installing: /home/hoang/turtlebot3_ws/src/install/turtlebot3_slam/share/turtlebot3_slam/src
[6.798s] -- Installing: /home/hoang/turtlebot3_ws/src/install/turtlebot3_slam/share/turtlebot3_slam/src/slam.py
[6.798s] -- Installing: /home/hoang/turtlebot3_ws/src/install/turtlebot3_slam/share/turtlebot3_slam/src/particle.py
[6.798s] -- Installing: /home/hoang/turtlebot3_ws/src/install/turtlebot3_slam/share/turtlebot3_slam/src/sensor_properties.py
[6.798s] -- Installing: /home/hoang/turtlebot3_ws/src/install/turtlebot3_slam/share/turtlebot3_slam/src/rigid2D.py
[6.798s] -- Installing: /home/hoang/turtlebot3_ws/src/install/turtlebot3_slam/share/turtlebot3_slam/src/grid_mapper.py
[6.798s] -- Installing: /home/hoang/turtlebot3_ws/src/install/turtlebot3_slam/share/turtlebot3_slam/src/diff_drive.py
[6.798s] -- Installing: /home/hoang/turtlebot3_ws/src/install/turtlebot3_slam/share/turtlebot3_slam/src/__pycache__
[6.799s] -- Installing: /home/hoang/turtlebot3_ws/src/install/turtlebot3_slam/share/turtlebot3_slam/src/__pycache__/cloud_alignment.cpython-310.pyc
[6.799s] -- Installing: /home/hoang/turtlebot3_ws/src/install/turtlebot3_slam/share/turtlebot3_slam/src/__pycache__/fast_slam.cpython-310.pyc
[6.800s] -- Installing: /home/hoang/turtlebot3_ws/src/install/turtlebot3_slam/share/turtlebot3_slam/src/__pycache__/rigid2D.cpython-310.pyc
[6.802s] -- Installing: /home/hoang/turtlebot3_ws/src/install/turtlebot3_slam/share/turtlebot3_slam/src/__pycache__/cloud_alightment.cpython-310.pyc
[6.803s] -- Installing: /home/hoang/turtlebot3_ws/src/install/turtlebot3_slam/share/turtlebot3_slam/src/__pycache__/particle.cpython-310.pyc
[6.804s] -- Installing: /home/hoang/turtlebot3_ws/src/install/turtlebot3_slam/share/turtlebot3_slam/src/__pycache__/sensor_properties.cpython-310.pyc
[6.804s] -- Installing: /home/hoang/turtlebot3_ws/src/install/turtlebot3_slam/share/turtlebot3_slam/src/__pycache__/grid_mapper.cpython-310.pyc
[6.806s] -- Installing: /home/hoang/turtlebot3_ws/src/install/turtlebot3_slam/share/turtlebot3_slam/src/cloud_alignment.py
[6.806s] -- Installing: /home/hoang/turtlebot3_ws/src/install/turtlebot3_slam/share/turtlebot3_slam/src/fast_slam.py
[6.806s] -- Installing: /home/hoang/turtlebot3_ws/src/install/turtlebot3_slam/share/ament_index/resource_index/package_run_dependencies/turtlebot3_slam
[6.807s] -- Installing: /home/hoang/turtlebot3_ws/src/install/turtlebot3_slam/share/ament_index/resource_index/parent_prefix_path/turtlebot3_slam
[6.807s] -- Installing: /home/hoang/turtlebot3_ws/src/install/turtlebot3_slam/share/turtlebot3_slam/environment/ament_prefix_path.sh
[6.808s] -- Installing: /home/hoang/turtlebot3_ws/src/install/turtlebot3_slam/share/turtlebot3_slam/environment/ament_prefix_path.dsv
[6.809s] -- Installing: /home/hoang/turtlebot3_ws/src/install/turtlebot3_slam/share/turtlebot3_slam/environment/path.sh
[6.810s] -- Installing: /home/hoang/turtlebot3_ws/src/install/turtlebot3_slam/share/turtlebot3_slam/environment/path.dsv
[6.810s] -- Installing: /home/hoang/turtlebot3_ws/src/install/turtlebot3_slam/share/turtlebot3_slam/local_setup.bash
[6.820s] -- Installing: /home/hoang/turtlebot3_ws/src/install/turtlebot3_slam/share/turtlebot3_slam/local_setup.sh
[6.821s] -- Installing: /home/hoang/turtlebot3_ws/src/install/turtlebot3_slam/share/turtlebot3_slam/local_setup.zsh
[6.821s] -- Installing: /home/hoang/turtlebot3_ws/src/install/turtlebot3_slam/share/turtlebot3_slam/local_setup.dsv
[6.821s] -- Installing: /home/hoang/turtlebot3_ws/src/install/turtlebot3_slam/share/turtlebot3_slam/package.dsv
[6.821s] -- Installing: /home/hoang/turtlebot3_ws/src/install/turtlebot3_slam/share/ament_index/resource_index/packages/turtlebot3_slam
[6.821s] -- Installing: /home/hoang/turtlebot3_ws/src/install/turtlebot3_slam/share/turtlebot3_slam/cmake/turtlebot3_slamConfig.cmake
[6.823s] -- Installing: /home/hoang/turtlebot3_ws/src/install/turtlebot3_slam/share/turtlebot3_slam/cmake/turtlebot3_slamConfig-version.cmake
[6.834s] -- Installing: /home/hoang/turtlebot3_ws/src/install/turtlebot3_slam/share/turtlebot3_slam/package.xml
[6.834s] Invoked command in '/home/hoang/turtlebot3_ws/src/build/turtlebot3_slam' returned '0': CMAKE_PREFIX_PATH=${CMAKE_PREFIX_PATH}:/home/hoang/turtlebot3_ws/install/turtlebot3_teleop:/home/hoang/turtlebot3_ws/install/turtlebot3_example:/home/hoang/bumperbot_ws/install/bumperbot_py_examples:/opt/ros/humble /usr/bin/cmake --install /home/hoang/turtlebot3_ws/src/build/turtlebot3_slam
