[2.840s] Invoking command in '/home/hoang/turtlebot3_ws/src/turtlebot3/turtlebot3_teleop': PYTHONPATH=/home/hoang/turtlebot3_ws/src/build/turtlebot3_teleop/prefix_override:/usr/lib/python3/dist-packages/colcon_core/task/python/colcon_distutils_commands:/home/hoang/turtlebot3_ws/src/install/turtlebot3_teleop/lib/python3.10/site-packages:${PYTHONPATH} /usr/bin/python3 -W ignore:setup.py install is deprecated -W ignore:easy_install command is deprecated setup.py egg_info --egg-base ../../build/turtlebot3_teleop build --build-base /home/hoang/turtlebot3_ws/src/build/turtlebot3_teleop/build install --record /home/hoang/turtlebot3_ws/src/build/turtlebot3_teleop/install.log --single-version-externally-managed install_data
[3.382s] running egg_info
[3.383s] creating ../../build/turtlebot3_teleop/turtlebot3_teleop.egg-info
[3.384s] writing ../../build/turtlebot3_teleop/turtlebot3_teleop.egg-info/PKG-INFO
[3.385s] writing dependency_links to ../../build/turtlebot3_teleop/turtlebot3_teleop.egg-info/dependency_links.txt
[3.386s] writing entry points to ../../build/turtlebot3_teleop/turtlebot3_teleop.egg-info/entry_points.txt
[3.389s] writing requirements to ../../build/turtlebot3_teleop/turtlebot3_teleop.egg-info/requires.txt
[3.390s] writing top-level names to ../../build/turtlebot3_teleop/turtlebot3_teleop.egg-info/top_level.txt
[3.390s] writing manifest file '../../build/turtlebot3_teleop/turtlebot3_teleop.egg-info/SOURCES.txt'
[3.390s] reading manifest file '../../build/turtlebot3_teleop/turtlebot3_teleop.egg-info/SOURCES.txt'
[3.392s] writing manifest file '../../build/turtlebot3_teleop/turtlebot3_teleop.egg-info/SOURCES.txt'
[3.392s] running build
[3.392s] running build_py
[3.392s] creating /home/hoang/turtlebot3_ws/src/build/turtlebot3_teleop/build
[3.392s] creating /home/hoang/turtlebot3_ws/src/build/turtlebot3_teleop/build/lib
[3.393s] creating /home/hoang/turtlebot3_ws/src/build/turtlebot3_teleop/build/lib/turtlebot3_teleop
[3.395s] copying turtlebot3_teleop/__init__.py -> /home/hoang/turtlebot3_ws/src/build/turtlebot3_teleop/build/lib/turtlebot3_teleop
[3.395s] creating /home/hoang/turtlebot3_ws/src/build/turtlebot3_teleop/build/lib/turtlebot3_teleop/script
[3.395s] copying turtlebot3_teleop/script/__init__.py -> /home/hoang/turtlebot3_ws/src/build/turtlebot3_teleop/build/lib/turtlebot3_teleop/script
[3.395s] copying turtlebot3_teleop/script/teleop_keyboard.py -> /home/hoang/turtlebot3_ws/src/build/turtlebot3_teleop/build/lib/turtlebot3_teleop/script
[3.395s] running install
[3.396s] running install_lib
[3.396s] creating /home/hoang/turtlebot3_ws/src/install/turtlebot3_teleop/lib/python3.10/site-packages/turtlebot3_teleop
[3.396s] creating /home/hoang/turtlebot3_ws/src/install/turtlebot3_teleop/lib/python3.10/site-packages/turtlebot3_teleop/script
[3.396s] copying /home/hoang/turtlebot3_ws/src/build/turtlebot3_teleop/build/lib/turtlebot3_teleop/script/__init__.py -> /home/hoang/turtlebot3_ws/src/install/turtlebot3_teleop/lib/python3.10/site-packages/turtlebot3_teleop/script
[3.396s] copying /home/hoang/turtlebot3_ws/src/build/turtlebot3_teleop/build/lib/turtlebot3_teleop/script/teleop_keyboard.py -> /home/hoang/turtlebot3_ws/src/install/turtlebot3_teleop/lib/python3.10/site-packages/turtlebot3_teleop/script
[3.396s] copying /home/hoang/turtlebot3_ws/src/build/turtlebot3_teleop/build/lib/turtlebot3_teleop/__init__.py -> /home/hoang/turtlebot3_ws/src/install/turtlebot3_teleop/lib/python3.10/site-packages/turtlebot3_teleop
[3.398s] byte-compiling /home/hoang/turtlebot3_ws/src/install/turtlebot3_teleop/lib/python3.10/site-packages/turtlebot3_teleop/script/__init__.py to __init__.cpython-310.pyc
[3.398s] byte-compiling /home/hoang/turtlebot3_ws/src/install/turtlebot3_teleop/lib/python3.10/site-packages/turtlebot3_teleop/script/teleop_keyboard.py to teleop_keyboard.cpython-310.pyc
[3.400s] byte-compiling /home/hoang/turtlebot3_ws/src/install/turtlebot3_teleop/lib/python3.10/site-packages/turtlebot3_teleop/__init__.py to __init__.cpython-310.pyc
[3.400s] running install_data
[3.400s] creating /home/hoang/turtlebot3_ws/src/install/turtlebot3_teleop/share/ament_index
[3.401s] creating /home/hoang/turtlebot3_ws/src/install/turtlebot3_teleop/share/ament_index/resource_index
[3.401s] creating /home/hoang/turtlebot3_ws/src/install/turtlebot3_teleop/share/ament_index/resource_index/packages
[3.401s] copying resource/turtlebot3_teleop -> /home/hoang/turtlebot3_ws/src/install/turtlebot3_teleop/share/ament_index/resource_index/packages
[3.401s] copying package.xml -> /home/hoang/turtlebot3_ws/src/install/turtlebot3_teleop/share/turtlebot3_teleop
[3.401s] running install_egg_info
[3.408s] Copying ../../build/turtlebot3_teleop/turtlebot3_teleop.egg-info to /home/hoang/turtlebot3_ws/src/install/turtlebot3_teleop/lib/python3.10/site-packages/turtlebot3_teleop-2.3.1-py3.10.egg-info
[3.408s] running install_scripts
[3.458s] Installing teleop_keyboard script to /home/hoang/turtlebot3_ws/src/install/turtlebot3_teleop/lib/turtlebot3_teleop
[3.459s] writing list of installed files to '/home/hoang/turtlebot3_ws/src/build/turtlebot3_teleop/install.log'
[3.531s] Invoked command in '/home/hoang/turtlebot3_ws/src/turtlebot3/turtlebot3_teleop' returned '0': PYTHONPATH=/home/hoang/turtlebot3_ws/src/build/turtlebot3_teleop/prefix_override:/usr/lib/python3/dist-packages/colcon_core/task/python/colcon_distutils_commands:/home/hoang/turtlebot3_ws/src/install/turtlebot3_teleop/lib/python3.10/site-packages:${PYTHONPATH} /usr/bin/python3 -W ignore:setup.py install is deprecated -W ignore:easy_install command is deprecated setup.py egg_info --egg-base ../../build/turtlebot3_teleop build --build-base /home/hoang/turtlebot3_ws/src/build/turtlebot3_teleop/build install --record /home/hoang/turtlebot3_ws/src/build/turtlebot3_teleop/install.log --single-version-externally-managed install_data
