[1.590s] Invoking command in '/home/hoang/turtlebot3_ws/src/build/turtlebot3_planning': CMAKE_PREFIX_PATH=${CMAKE_PREFIX_PATH}:/home/hoang/turtlebot3_ws/install/turtlebot3_teleop:/home/hoang/turtlebot3_ws/install/turtlebot3_example:/home/hoang/bumperbot_ws/install/bumperbot_py_examples:/opt/ros/humble /usr/bin/cmake /home/hoang/turtlebot3_ws/src/turtlebot3_planning -DCMAKE_INSTALL_PREFIX=/home/hoang/turtlebot3_ws/src/install/turtlebot3_planning
[1.759s] -- The C compiler identification is GNU 11.4.0
[1.882s] -- The CXX compiler identification is GNU 11.4.0
[1.902s] -- Detecting C compiler ABI info
[2.135s] -- Detecting C compiler ABI info - done
[2.161s] -- Check for working C compiler: /usr/bin/cc - skipped
[2.162s] -- Detecting C compile features
[2.162s] -- Detecting C compile features - done
[2.168s] -- Detecting CXX compiler ABI info
[2.401s] -- Detecting CXX compiler ABI info - done
[2.450s] -- Check for working CXX compiler: /usr/bin/c++ - skipped
[2.457s] -- Detecting CXX compile features
[2.457s] -- Detecting CXX compile features - done
[2.466s] -- Found ament_cmake: 1.3.12 (/opt/ros/humble/share/ament_cmake/cmake)
[2.865s] -- Found Python3: /usr/bin/python3 (found version "3.10.12") found components: Interpreter 
[3.173s] -- Found rclpy: 3.3.17 (/opt/ros/humble/share/rclpy/cmake)
[3.184s] -- Found std_msgs: 4.9.0 (/opt/ros/humble/share/std_msgs/cmake)
[3.330s] -- Found rosidl_generator_c: 3.1.7 (/opt/ros/humble/share/rosidl_generator_c/cmake)
[3.358s] -- Found rosidl_adapter: 3.1.7 (/opt/ros/humble/share/rosidl_adapter/cmake)
[3.398s] -- Found rosidl_generator_cpp: 3.1.7 (/opt/ros/humble/share/rosidl_generator_cpp/cmake)
[3.480s] -- Using all available rosidl_typesupport_c: rosidl_typesupport_fastrtps_c;rosidl_typesupport_introspection_c
[3.589s] -- Using all available rosidl_typesupport_cpp: rosidl_typesupport_fastrtps_cpp;rosidl_typesupport_introspection_cpp
[3.659s] -- Found nav_msgs: 4.9.0 (/opt/ros/humble/share/nav_msgs/cmake)
[3.718s] -- Found tf2_ros: 0.25.16 (/opt/ros/humble/share/tf2_ros/cmake)
[3.971s] -- Found rmw_implementation_cmake: 6.1.2 (/opt/ros/humble/share/rmw_implementation_cmake/cmake)
[4.000s] -- Found rmw_fastrtps_cpp: 6.2.8 (/opt/ros/humble/share/rmw_fastrtps_cpp/cmake)
[4.555s] -- Found OpenSSL: /usr/lib/x86_64-linux-gnu/libcrypto.so (found version "3.0.2")  
[4.776s] -- Found FastRTPS: /opt/ros/humble/include  
[5.062s] -- Using RMW implementation 'rmw_fastrtps_cpp' as default
[5.104s] -- Looking for pthread.h
[5.450s] -- Looking for pthread.h - found
[5.450s] -- Performing Test CMAKE_HAVE_LIBC_PTHREAD
[5.948s] -- Performing Test CMAKE_HAVE_LIBC_PTHREAD - Success
[5.960s] -- Found Threads: TRUE  
[7.613s] -- Found ament_lint_auto: 0.12.14 (/opt/ros/humble/share/ament_lint_auto/cmake)
[8.159s] -- Added test 'flake8' to check Python code syntax and style conventions
[8.163s] -- Added test 'lint_cmake' to check CMake code style
[8.171s] -- Added test 'pep257' to check Python code against some of the docstring style conventions in PEP 257
[8.175s] -- Added test 'xmllint' to check XML markup files
[8.190s] -- Configuring done
[8.231s] -- Generating done
[8.239s] -- Build files have been written to: /home/hoang/turtlebot3_ws/src/build/turtlebot3_planning
[8.273s] Invoked command in '/home/hoang/turtlebot3_ws/src/build/turtlebot3_planning' returned '0': CMAKE_PREFIX_PATH=${CMAKE_PREFIX_PATH}:/home/hoang/turtlebot3_ws/install/turtlebot3_teleop:/home/hoang/turtlebot3_ws/install/turtlebot3_example:/home/hoang/bumperbot_ws/install/bumperbot_py_examples:/opt/ros/humble /usr/bin/cmake /home/hoang/turtlebot3_ws/src/turtlebot3_planning -DCMAKE_INSTALL_PREFIX=/home/hoang/turtlebot3_ws/src/install/turtlebot3_planning
[8.274s] Invoking command in '/home/hoang/turtlebot3_ws/src/build/turtlebot3_planning': CMAKE_PREFIX_PATH=${CMAKE_PREFIX_PATH}:/home/hoang/turtlebot3_ws/install/turtlebot3_teleop:/home/hoang/turtlebot3_ws/install/turtlebot3_example:/home/hoang/bumperbot_ws/install/bumperbot_py_examples:/opt/ros/humble /usr/bin/cmake --build /home/hoang/turtlebot3_ws/src/build/turtlebot3_planning -- -j8 -l8
[8.436s] Built target ament_cmake_python_copy_turtlebot3_planning
[9.631s] running egg_info
[9.633s] creating turtlebot3_planning.egg-info
[9.636s] writing turtlebot3_planning.egg-info/PKG-INFO
[9.638s] writing dependency_links to turtlebot3_planning.egg-info/dependency_links.txt
[9.639s] writing top-level names to turtlebot3_planning.egg-info/top_level.txt
[9.640s] writing manifest file 'turtlebot3_planning.egg-info/SOURCES.txt'
[9.648s] reading manifest file 'turtlebot3_planning.egg-info/SOURCES.txt'
[9.649s] writing manifest file 'turtlebot3_planning.egg-info/SOURCES.txt'
[9.764s] Built target ament_cmake_python_build_turtlebot3_planning_egg
[9.861s] Invoked command in '/home/hoang/turtlebot3_ws/src/build/turtlebot3_planning' returned '0': CMAKE_PREFIX_PATH=${CMAKE_PREFIX_PATH}:/home/hoang/turtlebot3_ws/install/turtlebot3_teleop:/home/hoang/turtlebot3_ws/install/turtlebot3_example:/home/hoang/bumperbot_ws/install/bumperbot_py_examples:/opt/ros/humble /usr/bin/cmake --build /home/hoang/turtlebot3_ws/src/build/turtlebot3_planning -- -j8 -l8
[9.862s] Invoking command in '/home/hoang/turtlebot3_ws/src/build/turtlebot3_planning': CMAKE_PREFIX_PATH=${CMAKE_PREFIX_PATH}:/home/hoang/turtlebot3_ws/install/turtlebot3_teleop:/home/hoang/turtlebot3_ws/install/turtlebot3_example:/home/hoang/bumperbot_ws/install/bumperbot_py_examples:/opt/ros/humble /usr/bin/cmake --install /home/hoang/turtlebot3_ws/src/build/turtlebot3_planning
[9.916s] -- Install configuration: ""
[9.924s] -- Installing: /home/hoang/turtlebot3_ws/src/install/turtlebot3_planning/share/turtlebot3_planning/environment/pythonpath.sh
[9.924s] -- Installing: /home/hoang/turtlebot3_ws/src/install/turtlebot3_planning/share/turtlebot3_planning/environment/pythonpath.dsv
[9.924s] -- Installing: /home/hoang/turtlebot3_ws/src/install/turtlebot3_planning/local/lib/python3.10/dist-packages/turtlebot3_planning-0.0.0-py3.10.egg-info
[9.926s] -- Installing: /home/hoang/turtlebot3_ws/src/install/turtlebot3_planning/local/lib/python3.10/dist-packages/turtlebot3_planning-0.0.0-py3.10.egg-info/SOURCES.txt
[9.926s] -- Installing: /home/hoang/turtlebot3_ws/src/install/turtlebot3_planning/local/lib/python3.10/dist-packages/turtlebot3_planning-0.0.0-py3.10.egg-info/top_level.txt
[9.926s] -- Installing: /home/hoang/turtlebot3_ws/src/install/turtlebot3_planning/local/lib/python3.10/dist-packages/turtlebot3_planning-0.0.0-py3.10.egg-info/PKG-INFO
[9.926s] -- Installing: /home/hoang/turtlebot3_ws/src/install/turtlebot3_planning/local/lib/python3.10/dist-packages/turtlebot3_planning-0.0.0-py3.10.egg-info/dependency_links.txt
[9.926s] -- Installing: /home/hoang/turtlebot3_ws/src/install/turtlebot3_planning/local/lib/python3.10/dist-packages/turtlebot3_planning
[9.926s] -- Installing: /home/hoang/turtlebot3_ws/src/install/turtlebot3_planning/local/lib/python3.10/dist-packages/turtlebot3_planning/a_star_planner.py
[9.927s] -- Installing: /home/hoang/turtlebot3_ws/src/install/turtlebot3_planning/local/lib/python3.10/dist-packages/turtlebot3_planning/dijkstra_planner.py
[9.931s] -- Installing: /home/hoang/turtlebot3_ws/src/install/turtlebot3_planning/local/lib/python3.10/dist-packages/turtlebot3_planning/__init__.py
[10.300s] Listing '/home/hoang/turtlebot3_ws/src/install/turtlebot3_planning/local/lib/python3.10/dist-packages/turtlebot3_planning'...
[10.300s] Compiling '/home/hoang/turtlebot3_ws/src/install/turtlebot3_planning/local/lib/python3.10/dist-packages/turtlebot3_planning/__init__.py'...
[10.301s] Compiling '/home/hoang/turtlebot3_ws/src/install/turtlebot3_planning/local/lib/python3.10/dist-packages/turtlebot3_planning/a_star_planner.py'...
[10.301s] Compiling '/home/hoang/turtlebot3_ws/src/install/turtlebot3_planning/local/lib/python3.10/dist-packages/turtlebot3_planning/dijkstra_planner.py'...
[10.350s] -- Installing: /home/hoang/turtlebot3_ws/src/install/turtlebot3_planning/lib/turtlebot3_planning/dijkstra_planner.py
[10.352s] -- Installing: /home/hoang/turtlebot3_ws/src/install/turtlebot3_planning/lib/turtlebot3_planning/a_star_planner.py
[10.353s] -- Installing: /home/hoang/turtlebot3_ws/src/install/turtlebot3_planning/share/ament_index/resource_index/package_run_dependencies/turtlebot3_planning
[10.353s] -- Installing: /home/hoang/turtlebot3_ws/src/install/turtlebot3_planning/share/ament_index/resource_index/parent_prefix_path/turtlebot3_planning
[10.353s] -- Installing: /home/hoang/turtlebot3_ws/src/install/turtlebot3_planning/share/turtlebot3_planning/environment/ament_prefix_path.sh
[10.353s] -- Installing: /home/hoang/turtlebot3_ws/src/install/turtlebot3_planning/share/turtlebot3_planning/environment/ament_prefix_path.dsv
[10.353s] -- Installing: /home/hoang/turtlebot3_ws/src/install/turtlebot3_planning/share/turtlebot3_planning/environment/path.sh
[10.366s] -- Installing: /home/hoang/turtlebot3_ws/src/install/turtlebot3_planning/share/turtlebot3_planning/environment/path.dsv
[10.367s] -- Installing: /home/hoang/turtlebot3_ws/src/install/turtlebot3_planning/share/turtlebot3_planning/local_setup.bash
[10.367s] -- Installing: /home/hoang/turtlebot3_ws/src/install/turtlebot3_planning/share/turtlebot3_planning/local_setup.sh
[10.367s] -- Installing: /home/hoang/turtlebot3_ws/src/install/turtlebot3_planning/share/turtlebot3_planning/local_setup.zsh
[10.367s] -- Installing: /home/hoang/turtlebot3_ws/src/install/turtlebot3_planning/share/turtlebot3_planning/local_setup.dsv
[10.372s] -- Installing: /home/hoang/turtlebot3_ws/src/install/turtlebot3_planning/share/turtlebot3_planning/package.dsv
[10.372s] -- Installing: /home/hoang/turtlebot3_ws/src/install/turtlebot3_planning/share/ament_index/resource_index/packages/turtlebot3_planning
[10.373s] -- Installing: /home/hoang/turtlebot3_ws/src/install/turtlebot3_planning/share/turtlebot3_planning/cmake/turtlebot3_planningConfig.cmake
[10.373s] -- Installing: /home/hoang/turtlebot3_ws/src/install/turtlebot3_planning/share/turtlebot3_planning/cmake/turtlebot3_planningConfig-version.cmake
[10.373s] -- Installing: /home/hoang/turtlebot3_ws/src/install/turtlebot3_planning/share/turtlebot3_planning/package.xml
[10.396s] Invoked command in '/home/hoang/turtlebot3_ws/src/build/turtlebot3_planning' returned '0': CMAKE_PREFIX_PATH=${CMAKE_PREFIX_PATH}:/home/hoang/turtlebot3_ws/install/turtlebot3_teleop:/home/hoang/turtlebot3_ws/install/turtlebot3_example:/home/hoang/bumperbot_ws/install/bumperbot_py_examples:/opt/ros/humble /usr/bin/cmake --install /home/hoang/turtlebot3_ws/src/build/turtlebot3_planning
