[0.065s] Invoking command in '/home/hoang/turtlebot3_ws/src/build/turtlebot3_gazebo': CMAKE_PREFIX_PATH=${CMAKE_PREFIX_PATH}:/home/hoang/turtlebot3_ws/install/turtlebot3_teleop:/home/hoang/turtlebot3_ws/install/turtlebot3_example:/home/hoang/bumperbot_ws/install/bumperbot_py_examples:/opt/ros/humble /usr/bin/cmake /home/hoang/turtlebot3_ws/src/turtlebot3_simulations/turtlebot3_gazebo -DCMAKE_INSTALL_PREFIX=/home/hoang/turtlebot3_ws/src/install/turtlebot3_gazebo
[0.237s] -- The C compiler identification is GNU 11.4.0
[0.504s] -- The CXX compiler identification is GNU 11.4.0
[0.525s] -- Detecting C compiler ABI info
[0.745s] -- Detecting C compiler ABI info - done
[0.776s] -- Check for working C compiler: /usr/bin/cc - skipped
[0.776s] -- Detecting C compile features
[0.777s] -- Detecting C compile features - done
[0.784s] -- Detecting CXX compiler ABI info
[0.987s] -- Detecting CXX compiler ABI info - done
[1.014s] -- Check for working CXX compiler: /usr/bin/c++ - skipped
[1.017s] -- Detecting CXX compile features
[1.017s] -- Detecting CXX compile features - done
[1.030s] -- Found ament_cmake: 1.3.12 (/opt/ros/humble/share/ament_cmake/cmake)
[1.548s] -- Found Python3: /usr/bin/python3 (found version "3.10.12") found components: Interpreter 
[1.907s] -- Found PkgConfig: /usr/bin/pkg-config (found version "0.29.2") 
[1.909s] [33mCMake Warning (dev) at /usr/share/cmake-3.22/Modules/FindPackageHandleStandardArgs.cmake:438 (message):
[1.909s]   The package name passed to `find_package_handle_standard_args` (PkgConfig)
[1.909s]   does not match the name of the calling package (gazebo).  This can lead to
[1.910s]   problems in calling code that expects `find_package` result variables
[1.910s]   (e.g., `_FOUND`) to follow a certain pattern.
[1.910s] Call Stack (most recent call first):
[1.910s]   /usr/share/cmake-3.22/Modules/FindPkgConfig.cmake:99 (find_package_handle_standard_args)
[1.910s]   /usr/lib/x86_64-linux-gnu/cmake/gazebo/gazebo-config.cmake:72 (include)
[1.910s]   CMakeLists.txt:23 (find_package)
[1.910s] This warning is for project developers.  Use -Wno-dev to suppress it.
[1.910s] [0m
[1.921s] -- Checking for module 'bullet>=2.82'
[1.960s] --   Found bullet, version 3.05
[2.298s] -- Found fcl: /usr/include (found suitable version "0.7.0", minimum required is "0.5.0") 
[2.426s] -- Found assimp: /usr/include (found version "5.2.0") 
[2.581s] -- Found DART: /usr/include (Required is at least version "6.6") found components: dart 
[3.680s] -- Found Boost: /usr/lib/x86_64-linux-gnu/cmake/Boost-1.74.0/BoostConfig.cmake (found suitable version "1.74.0", minimum required is "1.40.0") found components: thread system filesystem program_options regex iostreams date_time 
[3.783s] -- Found Protobuf: /usr/lib/x86_64-linux-gnu/libprotobuf.so (found version "3.12.4") 
[3.854s] -- Looking for ignition-math6 -- found version 6.15.1
[3.902s] -- Searching for dependencies of ignition-math6
[3.913s] -- Looking for OGRE...
[3.913s] -- OGRE_PREFIX_WATCH changed.
[3.936s] -- Checking for module 'OGRE'
[3.990s] --   Found OGRE, version 1.9.0
[4.149s] -- Found Ogre Ghadamon (1.9.0)
[4.199s] -- Found OGRE: optimized;/usr/lib/x86_64-linux-gnu/libOgreMain.so;debug;/usr/lib/x86_64-linux-gnu/libOgreMain.so
[4.224s] -- Looking for OGRE_Paging...
[4.277s] -- Found OGRE_Paging: optimized;/usr/lib/x86_64-linux-gnu/libOgrePaging.so;debug;/usr/lib/x86_64-linux-gnu/libOgrePaging.so
[4.277s] -- Looking for OGRE_Terrain...
[4.360s] -- Found OGRE_Terrain: optimized;/usr/lib/x86_64-linux-gnu/libOgreTerrain.so;debug;/usr/lib/x86_64-linux-gnu/libOgreTerrain.so
[4.360s] -- Looking for OGRE_Property...
[4.408s] -- Found OGRE_Property: optimized;/usr/lib/x86_64-linux-gnu/libOgreProperty.so;debug;/usr/lib/x86_64-linux-gnu/libOgreProperty.so
[4.408s] -- Looking for OGRE_RTShaderSystem...
[4.441s] -- Found OGRE_RTShaderSystem: optimized;/usr/lib/x86_64-linux-gnu/libOgreRTShaderSystem.so;debug;/usr/lib/x86_64-linux-gnu/libOgreRTShaderSystem.so
[4.442s] -- Looking for OGRE_Volume...
[4.474s] -- Found OGRE_Volume: optimized;/usr/lib/x86_64-linux-gnu/libOgreVolume.so;debug;/usr/lib/x86_64-linux-gnu/libOgreVolume.so
[4.474s] -- Looking for OGRE_Overlay...
[4.519s] -- Found OGRE_Overlay: optimized;/usr/lib/x86_64-linux-gnu/libOgreOverlay.so;debug;/usr/lib/x86_64-linux-gnu/libOgreOverlay.so
[5.217s] -- Looking for ignition-math6 -- found version 6.15.1
[5.232s] -- Looking for ignition-transport8 -- found version 8.2.1
[5.233s] -- Searching for dependencies of ignition-transport8
[5.291s] -- Found Protobuf: /usr/lib/x86_64-linux-gnu/libprotobuf.so (found suitable version "3.12.4", minimum required is "3") 
[5.319s] -- Config-file not installed for ZeroMQ -- checking for pkg-config
[5.328s] -- Checking for module 'libzmq >= 4'
[5.377s] --   Found libzmq , version 4.3.4
[5.467s] -- Found ZeroMQ: TRUE (Required is at least version "4") 
[5.490s] -- Checking for module 'uuid'
[5.528s] --   Found uuid, version 2.37.2
[5.605s] -- Found UUID: TRUE  
[5.619s] -- Looking for ignition-msgs5 -- found version 5.8.1
[5.620s] -- Searching for dependencies of ignition-msgs5
[5.670s] -- Looking for ignition-math6 -- found version 6.15.1
[5.681s] -- Checking for module 'tinyxml2'
[5.726s] --   Found tinyxml2, version 9.0.0
[5.830s] -- Looking for ignition-msgs5 -- found version 5.8.1
[5.874s] -- Looking for ignition-common3 -- found version 3.14.0
[5.874s] -- Searching for dependencies of ignition-common3
[5.877s] -- Looking for dlfcn.h - found
[5.883s] -- Looking for libdl - found
[5.886s] -- Found DL: TRUE  
[5.952s] -- Found tinyobjloader: /usr/lib/x86_64-linux-gnu/cmake/tinyobjloader/tinyobjloader-config.cmake (found version "2.0.0") 
[5.961s] -- Searching for <ignition-common3> component [graphics]
[5.980s] -- Looking for ignition-common3-graphics -- found version 3.14.0
[5.980s] -- Searching for dependencies of ignition-common3-graphics
[5.980s] -- Looking for ignition-math6 -- found version 6.15.1
[6.000s] -- Looking for ignition-fuel_tools4 -- found version 4.4.0
[6.000s] -- Searching for dependencies of ignition-fuel_tools4
[6.210s] -- Found CURL: /usr/lib/x86_64-linux-gnu/libcurl.so (found version "7.81.0")  
[6.235s] -- Checking for module 'jsoncpp'
[6.268s] --   Found jsoncpp, version 1.9.5
[6.341s] -- Found JSONCPP: TRUE  
[6.388s] -- Checking for module 'libzip'
[6.469s] --   Found libzip, version 1.7.3
[6.644s] -- Found ZIP: TRUE  
[6.645s] -- Looking for ignition-common3 -- found version 3.14.0
[6.646s] -- Looking for ignition-math6 -- found version 6.15.1
[6.648s] -- Looking for ignition-msgs5 -- found version 5.8.1
[6.693s] -- Found gazebo_ros_pkgs: 3.9.0 (/opt/ros/humble/share/gazebo_ros_pkgs/cmake)
[6.709s] -- Found geometry_msgs: 4.9.0 (/opt/ros/humble/share/geometry_msgs/cmake)
[7.129s] -- Found rosidl_generator_c: 3.1.7 (/opt/ros/humble/share/rosidl_generator_c/cmake)
[7.194s] -- Found rosidl_adapter: 3.1.7 (/opt/ros/humble/share/rosidl_adapter/cmake)
[7.255s] -- Found rosidl_generator_cpp: 3.1.7 (/opt/ros/humble/share/rosidl_generator_cpp/cmake)
[7.340s] -- Using all available rosidl_typesupport_c: rosidl_typesupport_fastrtps_c;rosidl_typesupport_introspection_c
[7.495s] -- Using all available rosidl_typesupport_cpp: rosidl_typesupport_fastrtps_cpp;rosidl_typesupport_introspection_cpp
[7.660s] -- Found nav_msgs: 4.9.0 (/opt/ros/humble/share/nav_msgs/cmake)
[7.747s] -- Found rclcpp: 16.0.14 (/opt/ros/humble/share/rclcpp/cmake)
[8.076s] -- Found rmw_implementation_cmake: 6.1.2 (/opt/ros/humble/share/rmw_implementation_cmake/cmake)
[8.094s] -- Found rmw_fastrtps_cpp: 6.2.8 (/opt/ros/humble/share/rmw_fastrtps_cpp/cmake)
[8.710s] -- Found OpenSSL: /usr/lib/x86_64-linux-gnu/libcrypto.so (found version "3.0.2")  
[8.826s] -- Found FastRTPS: /opt/ros/humble/include  
[9.108s] -- Using RMW implementation 'rmw_fastrtps_cpp' as default
[9.229s] -- Found Threads: TRUE  
[9.657s] -- Found sensor_msgs: 4.9.0 (/opt/ros/humble/share/sensor_msgs/cmake)
[9.829s] -- Found tf2: 0.25.16 (/opt/ros/humble/share/tf2/cmake)
[10.371s] -- Configuring done
[10.635s] -- Generating done
[10.679s] -- Build files have been written to: /home/hoang/turtlebot3_ws/src/build/turtlebot3_gazebo
[10.716s] Invoked command in '/home/hoang/turtlebot3_ws/src/build/turtlebot3_gazebo' returned '0': CMAKE_PREFIX_PATH=${CMAKE_PREFIX_PATH}:/home/hoang/turtlebot3_ws/install/turtlebot3_teleop:/home/hoang/turtlebot3_ws/install/turtlebot3_example:/home/hoang/bumperbot_ws/install/bumperbot_py_examples:/opt/ros/humble /usr/bin/cmake /home/hoang/turtlebot3_ws/src/turtlebot3_simulations/turtlebot3_gazebo -DCMAKE_INSTALL_PREFIX=/home/hoang/turtlebot3_ws/src/install/turtlebot3_gazebo
[10.719s] Invoking command in '/home/hoang/turtlebot3_ws/src/build/turtlebot3_gazebo': CMAKE_PREFIX_PATH=${CMAKE_PREFIX_PATH}:/home/hoang/turtlebot3_ws/install/turtlebot3_teleop:/home/hoang/turtlebot3_ws/install/turtlebot3_example:/home/hoang/bumperbot_ws/install/bumperbot_py_examples:/opt/ros/humble /usr/bin/cmake --build /home/hoang/turtlebot3_ws/src/build/turtlebot3_gazebo -- -j8 -l8
[10.893s] [  8%] [32mBuilding CXX object CMakeFiles/obstacles.dir/src/obstacles.cpp.o[0m
[10.908s] [ 16%] [32mBuilding CXX object CMakeFiles/turtlebot3_drive.dir/src/turtlebot3_drive.cpp.o[0m
[10.908s] [ 25%] [32mBuilding CXX object CMakeFiles/traffic_light_plugin.dir/src/traffic_light_plugin.cpp.o[0m
[10.926s] [ 33%] [32mBuilding CXX object CMakeFiles/obstacle2.dir/src/obstacle2.cpp.o[0m
[10.942s] [ 41%] [32mBuilding CXX object CMakeFiles/traffic_bar_plugin.dir/src/traffic_bar_plugin.cpp.o[0m
[10.945s] [ 50%] [32mBuilding CXX object CMakeFiles/obstacle1.dir/src/obstacle1.cpp.o[0m
